// Jest Snapshot v1, https://goo.gl/fbAQLP

exports[`Box matches snapshot 1`] = `
.c0 {
  box-sizing: border-box;
}

<div
  className="c0"
>
  <span>
    Box
  </span>
</div>
`;
