// Jest Snapshot v1, https://goo.gl/fbAQLP

exports[`Text matches snapshot 1`] = `
<div
  className=""
>
  trigo
</div>
`;
